Release 14.7 - xst P.20131013 (nt64)
Copyright (c) 1995-2013 Xilinx, Inc.  All rights reserved.
--> Parameter TMPDIR set to xst/projnav.tmp


Total REAL time to Xst completion: 1.00 secs
Total CPU time to Xst completion: 0.11 secs
 
--> Parameter xsthdpdir set to xst


Total REAL time to Xst completion: 1.00 secs
Total CPU time to Xst completion: 0.11 secs
 
--> Reading design: SevenSeg_Cat.prj

TABLE OF CONTENTS
  1) Synthesis Options Summary
  2) HDL Parsing
  3) HDL Elaboration
  4) HDL Synthesis
       4.1) HDL Synthesis Report
  5) Advanced HDL Synthesis
       5.1) Advanced HDL Synthesis Report
  6) Low Level Synthesis
  7) Partition Report
  8) Design Summary
       8.1) Primitive and Black Box Usage
       8.2) Device utilization summary
       8.3) Partition Resource Summary
       8.4) Timing Report
            8.4.1) Clock Information
            8.4.2) Asynchronous Control Signals Information
            8.4.3) Timing Summary
            8.4.4) Timing Details
            8.4.5) Cross Clock Domains Report


=========================================================================
*                      Synthesis Options Summary                        *
=========================================================================
---- Source Parameters
Input File Name                    : "SevenSeg_Cat.prj"
Ignore Synthesis Constraint File   : NO

---- Target Parameters
Output File Name                   : "SevenSeg_Cat"
Output Format                      : NGC
Target Device                      : xc6slx4-3-tqg144

---- Source Options
Top Module Name                    : SevenSeg_Cat
Automatic FSM Extraction           : YES
FSM Encoding Algorithm             : Auto
Safe Implementation                : No
FSM Style                          : LUT
RAM Extraction                     : Yes
RAM Style                          : Auto
ROM Extraction                     : Yes
Shift Register Extraction          : YES
ROM Style                          : Auto
Resource Sharing                   : YES
Asynchronous To Synchronous        : NO
Shift Register Minimum Size        : 2
Use DSP Block                      : Auto
Automatic Register Balancing       : No

---- Target Options
LUT Combining                      : Auto
Reduce Control Sets                : Auto
Add IO Buffers                     : YES
Global Maximum Fanout              : 100000
Add Generic Clock Buffer(BUFG)     : 16
Register Duplication               : YES
Optimize Instantiated Primitives   : NO
Use Clock Enable                   : Auto
Use Synchronous Set                : Auto
Use Synchronous Reset              : Auto
Pack IO Registers into IOBs        : Auto
Equivalent register Removal        : YES

---- General Options
Optimization Goal                  : Speed
Optimization Effort                : 1
Power Reduction                    : NO
Keep Hierarchy                     : No
Netlist Hierarchy                  : As_Optimized
RTL Output                         : Yes
Global Optimization                : AllClockNets
Read Cores                         : YES
Write Timing Constraints           : NO
Cross Clock Analysis               : NO
Hierarchy Separator                : /
Bus Delimiter                      : <>
Case Specifier                     : Maintain
Slice Utilization Ratio            : 100
BRAM Utilization Ratio             : 100
DSP48 Utilization Ratio            : 100
Auto BRAM Packing                  : NO
Slice Utilization Ratio Delta      : 5

=========================================================================


=========================================================================
*                          HDL Parsing                                  *
=========================================================================
Analyzing Verilog file "D:\Verilog\MyVerilog\SevenSegDisplayUsingBCD\LED7Seg.v" into library work
Parsing module <LED7Seg>.
Analyzing Verilog file "D:\Verilog\MyVerilog\SevenSegDisplayUsingBCD\Bin2BCD.v" into library work
Parsing module <Bin2BCD>.
Analyzing Verilog file "D:\Verilog\MyVerilog\SevenSegDisplayUsingBCD\SevenSeg_Cat.v" into library work
Parsing module <SevenSeg_Cat>.

=========================================================================
*                            HDL Elaboration                            *
=========================================================================

Elaborating module <SevenSeg_Cat>.

Elaborating module <Bin2BCD(N=8)>.

Elaborating module <LED7Seg>.

=========================================================================
*                           HDL Synthesis                               *
=========================================================================

Synthesizing Unit <SevenSeg_Cat>.
    Related source file is "D:\Verilog\MyVerilog\SevenSegDisplayUsingBCD\SevenSeg_Cat.v".
        N1 = 8
    Summary:
	no macro.
Unit <SevenSeg_Cat> synthesized.

Synthesizing Unit <Bin2BCD>.
    Related source file is "D:\Verilog\MyVerilog\SevenSegDisplayUsingBCD\Bin2BCD.v".
        N = 8
    Found 4-bit adder for signal <n0065> created at line 35.
    Found 4-bit adder for signal <BIN[7]_GND_2_o_add_3_OUT> created at line 35.
    Found 4-bit adder for signal <BIN[6]_GND_2_o_add_5_OUT> created at line 35.
    Found 4-bit adder for signal <BIN[5]_GND_2_o_add_7_OUT> created at line 35.
    Found 4-bit adder for signal <n0073> created at line 35.
    Found 4-bit adder for signal <BIN[4]_GND_2_o_add_11_OUT> created at line 35.
    Found 4-bit adder for signal <GND_2_o_GND_2_o_add_13_OUT> created at line 35.
    Found 3-bit comparator greater for signal <PWR_2_o_BIN[7]_LessThan_1_o> created at line 34
    Found 4-bit comparator greater for signal <GND_2_o_BIN[7]_LessThan_3_o> created at line 34
    Found 4-bit comparator greater for signal <GND_2_o_BIN[6]_LessThan_5_o> created at line 34
    Found 4-bit comparator greater for signal <GND_2_o_BIN[5]_LessThan_7_o> created at line 34
    Found 3-bit comparator greater for signal <PWR_2_o_GND_2_o_LessThan_9_o> created at line 34
    Found 4-bit comparator greater for signal <GND_2_o_BIN[4]_LessThan_11_o> created at line 34
    Found 4-bit comparator greater for signal <GND_2_o_GND_2_o_LessThan_13_o> created at line 34
    Summary:
	inferred   7 Adder/Subtractor(s).
	inferred   7 Comparator(s).
	inferred  28 Multiplexer(s).
Unit <Bin2BCD> synthesized.

Synthesizing Unit <LED7Seg>.
    Related source file is "D:\Verilog\MyVerilog\SevenSegDisplayUsingBCD\LED7Seg.v".
    Summary:
Unit <LED7Seg> synthesized.

=========================================================================
HDL Synthesis Report

Macro Statistics
# Adders/Subtractors                                   : 7
 4-bit adder                                           : 7
# Comparators                                          : 7
 3-bit comparator greater                              : 2
 4-bit comparator greater                              : 5
# Multiplexers                                         : 28
 1-bit 2-to-1 multiplexer                              : 28
# Xors                                                 : 6
 1-bit xor2                                            : 6

=========================================================================

=========================================================================
*                       Advanced HDL Synthesis                          *
=========================================================================


=========================================================================
Advanced HDL Synthesis Report

Macro Statistics
# Adders/Subtractors                                   : 7
 4-bit adder                                           : 7
# Comparators                                          : 7
 3-bit comparator greater                              : 2
 4-bit comparator greater                              : 5
# Multiplexers                                         : 28
 1-bit 2-to-1 multiplexer                              : 28
# Xors                                                 : 6
 1-bit xor2                                            : 6

=========================================================================

=========================================================================
*                         Low Level Synthesis                           *
=========================================================================

Optimizing unit <SevenSeg_Cat> ...

Optimizing unit <Bin2BCD> ...

Mapping all equations...
Building and optimizing final netlist ...
Found area constraint ratio of 100 (+ 5) on block SevenSeg_Cat, actual ratio is 1.

Final Macro Processing ...

=========================================================================
Final Register Report

Found no macro
=========================================================================

=========================================================================
*                           Partition Report                            *
=========================================================================

Partition Implementation Status
-------------------------------

  No Partitions were found in this design.

-------------------------------

=========================================================================
*                            Design Summary                             *
=========================================================================

Top Level Output File Name         : SevenSeg_Cat.ngc

Primitive and Black Box Usage:
------------------------------
# BELS                             : 28
#      LUT3                        : 3
#      LUT4                        : 8
#      LUT5                        : 9
#      LUT6                        : 8
# IO Buffers                       : 22
#      IBUF                        : 8
#      OBUF                        : 14

Device utilization summary:
---------------------------

Selected Device : 6slx4tqg144-3 


Slice Logic Utilization: 
 Number of Slice LUTs:                   28  out of   2400     1%  
    Number used as Logic:                28  out of   2400     1%  

Slice Logic Distribution: 
 Number of LUT Flip Flop pairs used:     28
   Number with an unused Flip Flop:      28  out of     28   100%  
   Number with an unused LUT:             0  out of     28     0%  
   Number of fully used LUT-FF pairs:     0  out of     28     0%  
   Number of unique control sets:         0

IO Utilization: 
 Number of IOs:                          22
 Number of bonded IOBs:                  22  out of    102    21%  

Specific Feature Utilization:

---------------------------
Partition Resource Summary:
---------------------------

  No Partitions were found in this design.

---------------------------


=========================================================================
Timing Report

NOTE: THESE TIMING NUMBERS ARE ONLY A SYNTHESIS ESTIMATE.
      FOR ACCURATE TIMING INFORMATION PLEASE REFER TO THE TRACE REPORT
      GENERATED AFTER PLACE-and-ROUTE.

Clock Information:
------------------
No clock signals found in this design

Asynchronous Control Signals Information:
----------------------------------------
No asynchronous control signals found in this design

Timing Summary:
---------------
Speed Grade: -3

   Minimum period: No path found
   Minimum input arrival time before clock: No path found
   Maximum output required time after clock: No path found
   Maximum combinational path delay: 10.300ns

Timing Details:
---------------
All values displayed in nanoseconds (ns)

=========================================================================
Timing constraint: Default path analysis
  Total number of paths / destination ports: 1662 / 14
-------------------------------------------------------------------------
Delay:               10.300ns (Levels of Logic = 7)
  Source:            Input<6> (PAD)
  Destination:       Display_LED1<6> (PAD)

  Data Path: Input<6> to Display_LED1<6>
                                Gate     Net
    Cell:in->out      fanout   Delay   Delay  Logical Name (Net Name)
    ----------------------------------------  ------------
     IBUF:I->O             6   1.222   1.089  Input_6_IBUF (Input_6_IBUF)
     LUT5:I0->O            3   0.203   1.015  Bin2BCD1/Mmux_BIN[5]_BIN[6]_MUX_17_o11 (Bin2BCD1/Madd_BIN[5]_GND_2_o_add_7_OUT_lut<3>)
     LUT6:I0->O            9   0.203   1.058  Bin2BCD1/Mmux_BIN[5]_BIN[5]_MUX_20_o11 (Bin2BCD1/Madd_GND_2_o_GND_2_o_add_13_OUT_cy<0>)
     LUT6:I3->O            8   0.205   0.803  Bin2BCD1/Mmux_BCD<8>11 (Bin2BCD1/BCD<8>)
     LUT5:I4->O            5   0.205   0.943  Bin2BCD1/Mmux_BCD<7>11 (BCD_Output<7>)
     LUT5:I2->O            1   0.205   0.579  LED1/la1 (Display_LED1_6_OBUF)
     OBUF:I->O                 2.571          Display_LED1_6_OBUF (Display_LED1<6>)
    ----------------------------------------
    Total                     10.300ns (4.814ns logic, 5.486ns route)
                                       (46.7% logic, 53.3% route)

=========================================================================

Cross Clock Domains Report:
--------------------------

=========================================================================


Total REAL time to Xst completion: 5.00 secs
Total CPU time to Xst completion: 4.86 secs
 
--> 

Total memory usage is 4486440 kilobytes

Number of errors   :    0 (   0 filtered)
Number of warnings :    0 (   0 filtered)
Number of infos    :    0 (   0 filtered)

