Release 14.7 - xst P.20131013 (nt64)
Copyright (c) 1995-2013 Xilinx, Inc.  All rights reserved.
--> Parameter TMPDIR set to xst/projnav.tmp


Total REAL time to Xst completion: 0.00 secs
Total CPU time to Xst completion: 0.12 secs
 
--> Parameter xsthdpdir set to xst


Total REAL time to Xst completion: 0.00 secs
Total CPU time to Xst completion: 0.12 secs
 
--> Reading design: JKFF.prj

TABLE OF CONTENTS
  1) Synthesis Options Summary
  2) HDL Parsing
  3) HDL Elaboration
  4) HDL Synthesis
       4.1) HDL Synthesis Report
  5) Advanced HDL Synthesis
       5.1) Advanced HDL Synthesis Report
  6) Low Level Synthesis
  7) Partition Report
  8) Design Summary
       8.1) Primitive and Black Box Usage
       8.2) Device utilization summary
       8.3) Partition Resource Summary
       8.4) Timing Report
            8.4.1) Clock Information
            8.4.2) Asynchronous Control Signals Information
            8.4.3) Timing Summary
            8.4.4) Timing Details
            8.4.5) Cross Clock Domains Report


=========================================================================
*                      Synthesis Options Summary                        *
=========================================================================
---- Source Parameters
Input File Name                    : "JKFF.prj"
Ignore Synthesis Constraint File   : NO

---- Target Parameters
Output File Name                   : "JKFF"
Output Format                      : NGC
Target Device                      : xc6slx4-3-tqg144

---- Source Options
Top Module Name                    : JKFF
Automatic FSM Extraction           : YES
FSM Encoding Algorithm             : Auto
Safe Implementation                : No
FSM Style                          : LUT
RAM Extraction                     : Yes
RAM Style                          : Auto
ROM Extraction                     : Yes
Shift Register Extraction          : YES
ROM Style                          : Auto
Resource Sharing                   : YES
Asynchronous To Synchronous        : NO
Shift Register Minimum Size        : 2
Use DSP Block                      : Auto
Automatic Register Balancing       : No

---- Target Options
LUT Combining                      : Auto
Reduce Control Sets                : Auto
Add IO Buffers                     : YES
Global Maximum Fanout              : 100000
Add Generic Clock Buffer(BUFG)     : 16
Register Duplication               : YES
Optimize Instantiated Primitives   : NO
Use Clock Enable                   : Auto
Use Synchronous Set                : Auto
Use Synchronous Reset              : Auto
Pack IO Registers into IOBs        : Auto
Equivalent register Removal        : YES

---- General Options
Optimization Goal                  : Speed
Optimization Effort                : 1
Power Reduction                    : NO
Keep Hierarchy                     : No
Netlist Hierarchy                  : As_Optimized
RTL Output                         : Yes
Global Optimization                : AllClockNets
Read Cores                         : YES
Write Timing Constraints           : NO
Cross Clock Analysis               : NO
Hierarchy Separator                : /
Bus Delimiter                      : <>
Case Specifier                     : Maintain
Slice Utilization Ratio            : 100
BRAM Utilization Ratio             : 100
DSP48 Utilization Ratio            : 100
Auto BRAM Packing                  : NO
Slice Utilization Ratio Delta      : 5

=========================================================================


=========================================================================
*                          HDL Parsing                                  *
=========================================================================
Analyzing Verilog file "D:\Verilog\MyVerilog\JKFF\JKFF.v" into library work
Parsing module <JKFF>.

=========================================================================
*                            HDL Elaboration                            *
=========================================================================

Elaborating module <JKFF>.

=========================================================================
*                           HDL Synthesis                               *
=========================================================================

Synthesizing Unit <JKFF>.
    Related source file is "D:\Verilog\MyVerilog\JKFF\JKFF.v".
    Found 1-bit register for signal <reset_clk_DFF_2>.
    Found 1-bit register for signal <j_clk_DFF_3_q>.
    Found 1-bit register for signal <reset_clk_DFF_4>.
    Found 1-bit register for signal <j_clk_DFF_1_q>.
    Found 1-bit tristate buffer for signal <q> created at line 25
    Found 1-bit tristate buffer for signal <qb> created at line 25
    Summary:
	inferred   4 D-type flip-flop(s).
	inferred   2 Multiplexer(s).
	inferred   2 Tristate(s).
Unit <JKFF> synthesized.

=========================================================================
HDL Synthesis Report

Macro Statistics
# Registers                                            : 4
 1-bit register                                        : 4
# Multiplexers                                         : 2
 1-bit 2-to-1 multiplexer                              : 2
# Tristates                                            : 2
 1-bit tristate buffer                                 : 2

=========================================================================

=========================================================================
*                       Advanced HDL Synthesis                          *
=========================================================================


=========================================================================
Advanced HDL Synthesis Report

Macro Statistics
# Registers                                            : 4
 Flip-Flops                                            : 4
# Multiplexers                                         : 2
 1-bit 2-to-1 multiplexer                              : 2

=========================================================================

=========================================================================
*                         Low Level Synthesis                           *
=========================================================================
INFO:Xst:2261 - The FF/Latch <reset_clk_DFF_2> in Unit <JKFF> is equivalent to the following FF/Latch, which will be removed : <reset_clk_DFF_4> 
WARNING:Xst:2042 - Unit JKFF: 2 internal tristates are replaced by logic (pull-up yes): N2, N3.

Optimizing unit <JKFF> ...

Mapping all equations...
Building and optimizing final netlist ...
Found area constraint ratio of 100 (+ 5) on block JKFF, actual ratio is 0.

Final Macro Processing ...

=========================================================================
Final Register Report

Macro Statistics
# Registers                                            : 3
 Flip-Flops                                            : 3

=========================================================================

=========================================================================
*                           Partition Report                            *
=========================================================================

Partition Implementation Status
-------------------------------

  No Partitions were found in this design.

-------------------------------

=========================================================================
*                            Design Summary                             *
=========================================================================

Top Level Output File Name         : JKFF.ngc

Primitive and Black Box Usage:
------------------------------
# BELS                             : 7
#      INV                         : 1
#      LUT2                        : 3
#      LUT4                        : 1
#      LUT6                        : 2
# FlipFlops/Latches                : 3
#      FDE                         : 1
#      FDR                         : 2
# Clock Buffers                    : 1
#      BUFGP                       : 1
# IO Buffers                       : 6
#      IBUF                        : 4
#      OBUFT                       : 2

Device utilization summary:
---------------------------

Selected Device : 6slx4tqg144-3 


Slice Logic Utilization: 
 Number of Slice Registers:               3  out of   4800     0%  
 Number of Slice LUTs:                    7  out of   2400     0%  
    Number used as Logic:                 7  out of   2400     0%  

Slice Logic Distribution: 
 Number of LUT Flip Flop pairs used:     10
   Number with an unused Flip Flop:       7  out of     10    70%  
   Number with an unused LUT:             3  out of     10    30%  
   Number of fully used LUT-FF pairs:     0  out of     10     0%  
   Number of unique control sets:         3

IO Utilization: 
 Number of IOs:                           7
 Number of bonded IOBs:                   7  out of    102     6%  

Specific Feature Utilization:
 Number of BUFG/BUFGCTRLs:                1  out of     16     6%  

---------------------------
Partition Resource Summary:
---------------------------

  No Partitions were found in this design.

---------------------------


=========================================================================
Timing Report

NOTE: THESE TIMING NUMBERS ARE ONLY A SYNTHESIS ESTIMATE.
      FOR ACCURATE TIMING INFORMATION PLEASE REFER TO THE TRACE REPORT
      GENERATED AFTER PLACE-and-ROUTE.

Clock Information:
------------------
-----------------------------------+------------------------+-------+
Clock Signal                       | Clock buffer(FF name)  | Load  |
-----------------------------------+------------------------+-------+
clk                                | BUFGP                  | 3     |
-----------------------------------+------------------------+-------+

Asynchronous Control Signals Information:
----------------------------------------
No asynchronous control signals found in this design

Timing Summary:
---------------
Speed Grade: -3

   Minimum period: 1.473ns (Maximum Frequency: 678.771MHz)
   Minimum input arrival time before clock: 3.526ns
   Maximum output required time after clock: 4.490ns
   Maximum combinational path delay: No path found

Timing Details:
---------------
All values displayed in nanoseconds (ns)

=========================================================================
Timing constraint: Default period analysis for Clock 'clk'
  Clock period: 1.473ns (frequency: 678.771MHz)
  Total number of paths / destination ports: 4 / 2
-------------------------------------------------------------------------
Delay:               1.473ns (Levels of Logic = 1)
  Source:            qb (FF)
  Destination:       qb (FF)
  Source Clock:      clk rising
  Destination Clock: clk rising

  Data Path: qb to qb
                                Gate     Net
    Cell:in->out      fanout   Delay   Delay  Logical Name (Net Name)
    ----------------------------------------  ------------
     FDR:C->Q              2   0.447   0.721  qb (qb_OBUFT)
     LUT6:I4->O            1   0.203   0.000  qb_glue_set (qb_glue_set)
     FDR:D                     0.102          qb
    ----------------------------------------
    Total                      1.473ns (0.752ns logic, 0.721ns route)
                                       (51.0% logic, 49.0% route)

=========================================================================
Timing constraint: Default OFFSET IN BEFORE for Clock 'clk'
  Total number of paths / destination ports: 26 / 6
-------------------------------------------------------------------------
Offset:              3.526ns (Levels of Logic = 3)
  Source:            j (PAD)
  Destination:       qb (FF)
  Destination Clock: clk rising

  Data Path: j to qb
                                Gate     Net
    Cell:in->out      fanout   Delay   Delay  Logical Name (Net Name)
    ----------------------------------------  ------------
     IBUF:I->O             3   1.222   0.898  j_IBUF (j_IBUF)
     LUT4:I0->O            3   0.203   0.898  reset_reset_OR_3_o1 (reset_reset_OR_3_o)
     LUT6:I2->O            1   0.203   0.000  qb_glue_set (qb_glue_set)
     FDR:D                     0.102          qb
    ----------------------------------------
    Total                      3.526ns (1.730ns logic, 1.796ns route)
                                       (49.1% logic, 50.9% route)

=========================================================================
Timing constraint: Default OFFSET OUT AFTER for Clock 'clk'
  Total number of paths / destination ports: 4 / 2
-------------------------------------------------------------------------
Offset:              4.490ns (Levels of Logic = 2)
  Source:            reset_clk_DFF_2 (FF)
  Destination:       q (PAD)
  Source Clock:      clk rising

  Data Path: reset_clk_DFF_2 to q
                                Gate     Net
    Cell:in->out      fanout   Delay   Delay  Logical Name (Net Name)
    ----------------------------------------  ------------
     FDE:C->Q              3   0.447   0.650  reset_clk_DFF_2 (reset_clk_DFF_2)
     INV:I->O              2   0.206   0.616  reset_clk_DFF_2_inv1_INV_0 (reset_clk_DFF_2_inv)
     OBUFT:T->O                2.571          q_OBUFT (q)
    ----------------------------------------
    Total                      4.490ns (3.224ns logic, 1.267ns route)
                                       (71.8% logic, 28.2% route)

=========================================================================

Cross Clock Domains Report:
--------------------------

Clock to Setup on destination clock clk
---------------+---------+---------+---------+---------+
               | Src:Rise| Src:Fall| Src:Rise| Src:Fall|
Source Clock   |Dest:Rise|Dest:Rise|Dest:Fall|Dest:Fall|
---------------+---------+---------+---------+---------+
clk            |    1.473|         |         |         |
---------------+---------+---------+---------+---------+

=========================================================================


Total REAL time to Xst completion: 4.00 secs
Total CPU time to Xst completion: 4.69 secs
 
--> 

Total memory usage is 4486440 kilobytes

Number of errors   :    0 (   0 filtered)
Number of warnings :    1 (   0 filtered)
Number of infos    :    1 (   0 filtered)

